UTC: 2026-10-07T22:21:12Z
Action: recheck
Input basename: O77Full_2026_10_06_20_50_UTC.lean
Host source SHA-256: 54dd6627468f7f1ad19784b8085e567806d0a087095a1f56a99bb920436acacc
podman version 4.9.3
Container image ID: ab1ffd5da146e51b8fa335f2c9180a418947e15b1681c8856d942e47b52f53cd
Harness scripts/configuration hashes:
095e6841877269023dd27d18e69f58ee46e7d4390f6525db00f8b46ef9c900a7  o77.sh
076e043923165e8683a030e22c52662ae8f74992fa752edb97b029406d862450  Containerfile
dce23cd4ba98176702cd93c0b36c7bb67c729cf950086f83b684781e25f46564  project/lakefile.toml
8190e75a201741065fe508b28955dd64dd72d090babe5f70ce6848879d68ae88  project/lean-toolchain
bb4166710abb8f01b03ca29635e0cc881d453bc8217968e4e672d3eb08470f3d  scripts/common.sh
12b0cee983ab686134eebf0545f0fb2e4f7d861c805cc72d6e40d07271233550  scripts/in-container-doctor.sh
bd1b786bf54d7237b5c509298848331d85519b5c24c05ebfdd0a5c146bd3d1b3  scripts/in-container-probe.sh
95830a24d23c6ac5f02c59f1f96ec9f2729e1fc2c1efa74ed5a6556bd9f0776c  scripts/in-container-recheck.sh
9641ec555e2b7bdf5bac6ee60dd4867668ddddc5d60f041483063e223eb4820b  scripts/in-container-setup.sh
434e5e7a262a8178bc25230d31f665c72ce5136cf1e7c51f7074f7928c446493  scripts/in-container-verify.sh
a6717032141196799c431009cc803b67bd421adb14a16a3ec5994faa649ef233  tools/Probes.lean
UTC: 2026-10-07T22:21:12Z
Toolchain pin: leanprover/lean4:v4.34.0-rc2
Lean (version 4.34.0-rc2, x86_64-unknown-linux-gnu, commit 6a10ac8c22beadecabdbb0919c2b50214762f91d, Release)
Lake version 5.0.0-src+6a10ac8 (Lean version 4.34.0-rc2)
Mathlib HEAD: 664cbbe52927ce6acaa39ca35498336116e123b8
Configuration / resolved manifest hashes:
8190e75a201741065fe508b28955dd64dd72d090babe5f70ce6848879d68ae88  lean-toolchain
dce23cd4ba98176702cd93c0b36c7bb67c729cf950086f83b684781e25f46564  lakefile.toml
657ccf4645af373d85f12800b036c978c3f48b3387e8f57d94810f4a494b95d6  lake-manifest.json
Resolved dependency manifest (JSON):
{"version": "1.2.0",
 "packagesDir": ".lake/packages",
 "packages":
 [{"url": "https://github.com/leanprover-community/mathlib4",
   "type": "git",
   "subDir": null,
   "scope": "",
   "rev": "664cbbe52927ce6acaa39ca35498336116e123b8",
   "name": "mathlib",
   "manifestFile": "lake-manifest.json",
   "inputRev": "664cbbe52927ce6acaa39ca35498336116e123b8",
   "inherited": false,
   "configFile": "lakefile.lean"},
  {"url": "https://github.com/leanprover-community/plausible",
   "type": "git",
   "subDir": null,
   "scope": "leanprover-community",
   "rev": "d9598f07b1bc701f1e3aae163d2681c1fd978793",
   "name": "plausible",
   "manifestFile": "lake-manifest.json",
   "inputRev": "main",
   "inherited": true,
   "configFile": "lakefile.toml"},
  {"url": "https://github.com/leanprover-community/LeanSearchClient",
   "type": "git",
   "subDir": null,
   "scope": "leanprover-community",
   "rev": "ba67e212be1197b84c1f1f6299488a10a3002713",
   "name": "LeanSearchClient",
   "manifestFile": "lake-manifest.json",
   "inputRev": "main",
   "inherited": true,
   "configFile": "lakefile.toml"},
  {"url": "https://github.com/leanprover-community/import-graph",
   "type": "git",
   "subDir": null,
   "scope": "leanprover-community",
   "rev": "d8823026ac7ef130c253089d95685f9877b95323",
   "name": "importGraph",
   "manifestFile": "lake-manifest.json",
   "inputRev": "main",
   "inherited": true,
   "configFile": "lakefile.toml"},
  {"url": "https://github.com/leanprover-community/ProofWidgets4",
   "type": "git",
   "subDir": null,
   "scope": "leanprover-community",
   "rev": "a8acbfd87375ff4abe14ce09db5b7664d383bc7f",
   "name": "proofwidgets",
   "manifestFile": "lake-manifest.json",
   "inputRev": "main",
   "inherited": true,
   "configFile": "lakefile.lean"},
  {"url": "https://github.com/leanprover-community/aesop",
   "type": "git",
   "subDir": null,
   "scope": "leanprover-community",
   "rev": "18889deb9e83ea7420ef51c160d6f88552e744e3",
   "name": "aesop",
   "manifestFile": "lake-manifest.json",
   "inputRev": "master",
   "inherited": true,
   "configFile": "lakefile.toml"},
  {"url": "https://github.com/leanprover-community/quote4",
   "type": "git",
   "subDir": null,
   "scope": "leanprover-community",
   "rev": "507746ab8f4b643ccdacb2ec4cdb5853fa9f8ab3",
   "name": "Qq",
   "manifestFile": "lake-manifest.json",
   "inputRev": "master",
   "inherited": true,
   "configFile": "lakefile.toml"},
  {"url": "https://github.com/leanprover-community/batteries",
   "type": "git",
   "subDir": null,
   "scope": "leanprover-community",
   "rev": "7e23602c91bc04586b2b06de2708a041853e4681",
   "name": "batteries",
   "manifestFile": "lake-manifest.json",
   "inputRev": "main",
   "inherited": true,
   "configFile": "lakefile.toml"},
  {"url": "https://github.com/leanprover/lean4-cli",
   "type": "git",
   "subDir": null,
   "scope": "leanprover",
   "rev": "ab3a82db9fea14cf0fd7f5a2de650f4b534640af",
   "name": "Cli",
   "manifestFile": "lake-manifest.json",
   "inputRev": "v4.34.0-rc2",
   "inherited": true,
   "configFile": "lakefile.toml"}],
 "name": "o77check",
 "lakeDir": ".lake",
 "fixedToolchain": false}

SHA-256 of the exact copied source:
54dd6627468f7f1ad19784b8085e567806d0a087095a1f56a99bb920436acacc  O77Target.lean
==> lake build O77Target
ℹ [8848/8849] Replayed O77Target
info: O77Target.lean:27325:0: O77.answersO77_of_wishart : O77.External.RealWishartEigenvalueFormula →
  ∀ {I O H : ℕ} (Phi : O77.Reconstruction0905.RM O I), 0 < I → 0 < O → Matrix.rank Phi < H → O77.AnswersO77 Phi
info: O77Target.lean:27326:0: def O77.AnswersO77 : {I O : ℕ} → {H : ℕ} → O77.Reconstruction0905.RM O I → Prop :=
fun {I O H} Phi =>
  (∀ (w : O77.Native.Parameters I O H),
      w.2 * w.1 = Phi →
        O77.RankData I O H (Matrix.rank Phi) (Matrix.rank w.1) (Matrix.rank w.2) ∧
          0 < ↑(O77.candidateTwiceLambda I O H (Matrix.rank Phi) (Matrix.rank w.1) (Matrix.rank w.2)) / 2 ∧
            ∀ (lam : ℝ) (m : ℕ),
              O77.Native.HasLocalBandPair Phi w lam m ↔
                lam = ↑(O77.candidateTwiceLambda I O H (Matrix.rank Phi) (Matrix.rank w.1) (Matrix.rank w.2)) / 2 ∧
                  m = O77.candidateMultiplicity I O H (Matrix.rank Phi) (Matrix.rank w.1) (Matrix.rank w.2)) ∧
    (∀ (a b : ℕ),
        O77.RankData I O H (Matrix.rank Phi) a b ↔ ∃ w, w.2 * w.1 = Phi ∧ Matrix.rank w.1 = a ∧ Matrix.rank w.2 = b) ∧
      (∀ (w : O77.Native.Parameters I O H),
          w.2 * w.1 = Phi →
            (O77.Native.IsThresholdMinimizer Phi w ↔
              O77.MinimumRankCondition I O H (Matrix.rank Phi) (Matrix.rank w.1) (Matrix.rank w.2))) ∧
        IsLeast {lam | ∃ w, w.2 * w.1 = Phi ∧ ∃ m, O77.Native.HasLocalBandPair Phi w lam m}
            (O77.Native.globalThresholdFormula I O H (Matrix.rank Phi)) ∧
          IsGreatest {m | ∃ w, O77.Native.IsThresholdMinimizer Phi w ∧ ∃ lam, O77.Native.HasLocalBandPair Phi w lam m}
              (if
                  (I + O + H + Matrix.rank Phi) % 2 = 1 ∧
                    O + Matrix.rank Phi ≤ I + H ∧ I + Matrix.rank Phi ≤ O + H ∧ H + Matrix.rank Phi ≤ I + O then
                2
              else 1) ∧
            ∀ (D : O77.RungGeometry0906.SingularData I O (Matrix.rank Phi)),
              D.target = Phi →
                (∀ k ≤ Matrix.rank Phi, ∃ w, D.OnRung k w) ∧
                  ∀ k < Matrix.rank Phi,
                    ∀ (w : O77.Native.Parameters I O H), D.OnRung k w → O77.Native.HasLocalBandPair Phi w 1 1
info: O77Target.lean:27327:0: def O77.Native.IsThresholdMinimizer : {I O H : ℕ} →
  O77.Reconstruction0905.RM O I → O77.Native.Parameters I O H → Prop :=
fun {I O H} Phi w =>
  w.2 * w.1 = Phi ∧
    ∃ lam m,
      O77.Native.HasLocalBandPair Phi w lam m ∧
        ∀ (z : O77.Native.Parameters I O H),
          z.2 * z.1 = Phi → ∀ (mu : ℝ) (n : ℕ), O77.Native.HasLocalBandPair Phi z mu n → lam ≤ mu
info: O77Target.lean:27328:0: def O77.candidateTwiceLambda : ℕ → ℕ → ℕ → ℕ → ℕ → ℕ → ℕ :=
fun I O H r a b => O77.regularDim I O a b + O77.residualMin (O - b) (I - a) (O77.residualHidden H r a b)
info: O77Target.lean:27329:0: def O77.candidateMultiplicity : ℕ → ℕ → ℕ → ℕ → ℕ → ℕ → ℕ :=
fun I O H r a b => O77.residualMultiplicity (O - b) (I - a) (O77.residualHidden H r a b)
info: O77Target.lean:27330:0: def O77.regularDim : ℕ → ℕ → ℕ → ℕ → ℕ :=
fun I O a b => O * a + b * (I - a)
info: O77Target.lean:27331:0: def O77.residualHidden : ℕ → ℕ → ℕ → ℕ → ℕ :=
fun H r a b => H + r - (a + b)
info: O77Target.lean:27332:0: def O77.residualCost : ℕ → ℕ → ℕ → ℕ → ℕ :=
fun p q h t => (h - t) * (q - t) + p * t
info: O77Target.lean:27333:0: def O77.residualMin : ℕ → ℕ → ℕ → ℕ :=
fun p q h => (O77.Arithmetic.minimumUpTo (O77.residualQuadratic p q h) (min h q)).toNat
info: O77Target.lean:27334:0: def O77.residualMinimizerList : ℕ → ℕ → ℕ → List ℕ :=
fun p q h => O77.Arithmetic.minimizerList (O77.residualQuadratic p q h) (min h q)
info: O77Target.lean:27335:0: def O77.residualMultiplicity : ℕ → ℕ → ℕ → ℕ :=
fun p q h => (O77.residualMinimizerList p q h).length
info: O77Target.lean:27336:0: def O77.Native.HasLocalBandPair : {I O H : ℕ} →
  O77.Reconstruction0905.RM O I → O77.Native.Parameters I O H → ℝ → ℕ → Prop :=
fun {I O H} Phi w lam m => O77.Transport0906.RadiusOrder (O77.Native.bandVolume Phi w) lam m
info: O77Target.lean:27337:0: def O77.Transport0906.RadiusOrder : (ℝ → ℝ → ENNReal) → ℝ → ℕ → Prop :=
fun V lam m =>
  0 ≤ lam ∧
    1 ≤ m ∧
      ∃ rho, 0 < rho ∧ ∀ (delta : ℝ), 0 < delta → delta < rho → O77.Residual.EThetaZeroPowerLog (V delta) lam (m - 1)
info: O77Target.lean:27338:0: def O77.Residual.EThetaZeroPowerLog : (ℝ → ENNReal) → ℝ → ℕ → Prop :=
fun V lam k =>
  ∃ c C eps0,
    0 < c ∧
      c ≤ C ∧
        0 < eps0 ∧
          eps0 < Real.exp (-1) ∧
            ∀ (eps : ℝ),
              0 < eps →
                eps < eps0 →
                  ENNReal.ofReal c * O77.Residual.powerLogZero lam k eps ≤ V eps ∧
                    V eps ≤ ENNReal.ofReal C * O77.Residual.powerLogZero lam k eps
info: O77Target.lean:27339:0: def O77.Residual.powerLogZero : ℝ → ℕ → ℝ → ENNReal :=
fun lam k eps => ENNReal.ofReal (O77.Residual.powerLogZeroReal lam k eps)
info: O77Target.lean:27340:0: def O77.Residual.powerLogZeroReal : ℝ → ℕ → ℝ → ℝ :=
fun lam k eps => eps ^ lam * Real.log (1 / eps) ^ k
info: O77Target.lean:27341:0: def O77.Native.entryMeasure : (I O H : ℕ) → MeasureTheory.Measure (O77.Native.Parameters I O H) :=
fun I O H => (O77.Residual.matrixLebesgue (Fin H) (Fin I)).prod (O77.Residual.matrixLebesgue (Fin O) (Fin H))
info: O77Target.lean:27342:0: def O77.Residual.matrixLebesgue.{u_1, u_2} : (p : Type u_1) →
  (h : Type u_2) → [Fintype p] → [Fintype h] → MeasureTheory.Measure (Matrix p h ℝ) :=
fun p h [Fintype p] [Fintype h] => MeasureTheory.Measure.pi fun x => O77.Residual.coordinateLebesgue h
info: O77Target.lean:27343:0: def O77.Residual.coordinateLebesgue.{u_1} : (ι : Type u_1) → [Fintype ι] → MeasureTheory.Measure (ι → ℝ) :=
fun ι [Fintype ι] => MeasureTheory.Measure.pi fun x => MeasureTheory.volume
info: O77Target.lean:27344:0: def O77.Native.ambientSq : {I O H : ℕ} → O77.Native.Parameters I O H → ℝ :=
fun {I O H} w => O77.Residual.frobeniusSq w.1 + O77.Residual.frobeniusSq w.2
info: O77Target.lean:27345:0: def O77.Native.entryNorm : {I O H : ℕ} → O77.Native.Parameters I O H → ℝ :=
fun {I O H} w => √(O77.Native.ambientSq w)
info: O77Target.lean:27346:0: def O77.Native.entryBall : {I O H : ℕ} → O77.Native.Parameters I O H → ℝ → Set (O77.Native.Parameters I O H) :=
fun {I O H} w R => {v | O77.Native.entryNorm (v - w) < R}
info: O77Target.lean:27347:0: def O77.Native.loss : {I O H : ℕ} → O77.Reconstruction0905.RM O I → O77.Native.Parameters I O H → ℝ :=
fun {I O H} Phi w => O77.Residual.frobeniusSq (w.2 * w.1 - Phi) / 2
info: O77Target.lean:27348:0: def O77.Native.bandSet : {I O H : ℕ} →
  O77.Reconstruction0905.RM O I → O77.Native.Parameters I O H → ℝ → ℝ → Set (O77.Native.Parameters I O H) :=
fun {I O H} Phi w R eps => {v | v ∈ O77.Native.entryBall w R ∧ |O77.Native.loss Phi v - O77.Native.loss Phi w| < eps}
info: O77Target.lean:27349:0: def O77.Native.bandVolume : {I O H : ℕ} →
  O77.Reconstruction0905.RM O I → O77.Native.Parameters I O H → ℝ → ℝ → ENNReal :=
fun {I O H} Phi w R eps => (O77.Native.entryMeasure I O H) (O77.Native.bandSet Phi w R eps)
info: O77Target.lean:27350:0: structure O77.RungGeometry0906.SingularData (I O r : ℕ) : Type
number of parameters: 3
fields:
  O77.RungGeometry0906.SingularData.sigma : Fin r → ℝ
  O77.RungGeometry0906.SingularData.sigma_pos : ∀ (j : Fin r), 0 < self.sigma j
  O77.RungGeometry0906.SingularData.decreasing : StrictAnti self.sigma
  O77.RungGeometry0906.SingularData.u : Fin r → Fin O → ℝ
  O77.RungGeometry0906.SingularData.v : Fin r → Fin I → ℝ
  O77.RungGeometry0906.SingularData.orth_u : ∀ (i j : Fin r), self.u i ⬝ᵥ self.u j = if i = j then 1 else 0
  O77.RungGeometry0906.SingularData.orth_v : ∀ (i j : Fin r), self.v i ⬝ᵥ self.v j = if i = j then 1 else 0
constructor:
  O77.RungGeometry0906.SingularData.mk {I O r : ℕ} (sigma : Fin r → ℝ) (sigma_pos : ∀ (j : Fin r), 0 < sigma j)
    (decreasing : StrictAnti sigma) (u : Fin r → Fin O → ℝ) (v : Fin r → Fin I → ℝ)
    (orth_u : ∀ (i j : Fin r), u i ⬝ᵥ u j = if i = j then 1 else 0)
    (orth_v : ∀ (i j : Fin r), v i ⬝ᵥ v j = if i = j then 1 else 0) : O77.RungGeometry0906.SingularData I O r
info: O77Target.lean:27351:0: def O77.RungGeometry0906.SingularData.OnRung : {I O r : ℕ} →
  O77.RungGeometry0906.SingularData I O r → {H : ℕ} → ℕ → O77.Native.Parameters I O H → Prop :=
fun {I O r} D {H} k w =>
  w.2 * w.1 = D.prefix k ∧
    ∀ (j : Fin r), k ≤ ↑j → Matrix.mulVec w.1 (D.v j) = 0 ∧ (Matrix.transpose w.2).mulVec (D.u j) = 0
info: O77Target.lean:27352:0: def O77.External.RealWishartEigenvalueFormula : Prop :=
∀ (k d : ℕ), k ≤ d → O77.Residual.ConcreteRealWishartEigenvalueFormula k d
info: O77Target.lean:27353:0: def O77.Residual.ConcreteRealWishartEigenvalueFormula : ℕ → ℕ → Prop :=
fun k d => ∃ C, O77.Residual.HasConcreteRealWishartFormula k d C
info: O77Target.lean:27354:0: def O77.Residual.HasConcreteRealWishartFormula : ℕ → ℕ → ENNReal → Prop :=
fun k d C =>
  k ≤ d ∧
    0 < C ∧
      C < ⊤ ∧
        ∀ (rho T : ℝ),
          0 ≤ rho →
            0 ≤ T →
              O77.Residual.leftGramLaplaceLIntegral k d rho T =
                  C * O77.Residual.laguerreOrthantLIntegral k (O77.Residual.wishartEta k d) rho T ∧
                O77.Residual.rightGramLaplaceLIntegral d k rho T =
                  C * O77.Residual.laguerreOrthantLIntegral k (O77.Residual.wishartEta k d) rho T
info: O77Target.lean:27382:0: O77.GramPushforward.gaussianGramLIntegral_eq_gramMass_mul_cone : ∀ (k d : ℕ),
  k ≤ d →
    ∀ (F : Matrix (Fin k) (Fin k) ℝ → ENNReal),
      Measurable F →
        O77.GramBorder.gaussianGramLIntegral k d F =
          ENNReal.ofReal (O77.GramBorder.gramMass k d) * O77.GramBorder.coneLIntegral k d F
info: O77Target.lean:27383:0: O77.answersO77_of_cone_eigenvalues : O77.GramWishart.HigherRankConeEigenvalueFormula →
  ∀ {I O H : ℕ} (Phi : Matrix (Fin O) (Fin I) ℝ), 0 < I → 0 < O → Phi.rank < H → O77.AnswersO77 Phi
info: O77Target.lean:27384:0: def O77.GramWishart.HigherRankConeEigenvalueFormula : Prop :=
∀ (k d : ℕ),
  2 ≤ k →
    k ≤ d →
      ∃ D,
        0 < D ∧
          D < ⊤ ∧
            ∀ (rho T : ℝ),
              0 ≤ rho →
                0 ≤ T →
                  O77.GramBorder.coneLIntegral k d (O77.GramBorder.determinantTest rho T) =
                    D * O77.Residual.laguerreOrthantLIntegral k (O77.Residual.wishartEta k d) rho T
info: O77Target.lean:27417:0: O77.GlobalSpectralIntegral.cone_eq_spectralConstant_mul_laguerre : ∀ (k d : ℕ) (rho T : ℝ),
  0 ≤ T →
    O77.GramBorder.coneLIntegral k d (O77.GramBorder.determinantTest rho T) =
      O77.GlobalSpectralIntegral.spectralConstant k *
        O77.Residual.laguerreOrthantLIntegral k (O77.Residual.wishartEta k d) rho T
info: O77Target.lean:27418:0: O77.GlobalSpectralIntegral.realWishartEigenvalueFormula : O77.External.RealWishartEigenvalueFormula
info: O77Target.lean:27419:0: @O77.answersO77 : ∀ {I O H : ℕ} (Phi : Matrix (Fin O) (Fin I) ℝ), 0 < I → 0 < O → Phi.rank < H → O77.AnswersO77 Phi
Build completed successfully (8849 jobs).
Build exit status: 0

real	0m4.749s
user	0m6.700s
sys	0m1.966s
==> Kernel replay: submitted module, starting from its imported environment.
Kernel replay exit status: 0

real	0m24.551s
user	0m22.295s
sys	0m2.256s
KERNEL RE-CHECK PASSED.
The build and requested replay completed successfully using Lean's own kernel.
This is a separate replay, not an independently implemented proof checker.
Any #guard_msgs assertions in the submitted source were checked during its build.
The known October 6 O77Full checkpoint contains seven axiom guards, including
O77.answersO77. This script does not assume every input file contains those guards.
This run does not certify that the definitions express the intended mathematics.
Container/check exit status: 0; log writer exit status: 0
